// Jest Snapshot v1, https://goo.gl/fbAQLP

exports[`App should render the App componente 1`] = `
<div
  className="App"
>
  <Keyboard />
</div>
`;
